transcript,gene,gene_name
ENST00000362684.1,ENSG00000277234.1,RNU1-5P
ENST00000459215.1,ENSG00000239102.1,RNU7-185P
ENST00000410940.1,ENSG00000222872.1,RNU4-78P
ENST00000383971.1,ENSG00000206698.1,RNU1-73P
ENST00000516317.2,ENSG00000252126.2,RNU6-313P
